<!DOCTYPE html>
<html>
<head>
    <script src="a.js"></script>
    <!-- anchor -->
    <title></title>
    <!-- anchor -->
</head>
<body>
<!-- anchor -->
</body>
</html>