<!DOCTYPE html>
<html>
<head>
    <title></title>
    <script src="a.js"></script>
    <script src="a.js"></script>
    <!-- anchor -->
</head>
<body>
</body>
</html>